<?xml version="1.0" encoding="UTF-8"?>
<TestRun id="50739273-a834-45ab-bf78-b6312357d21d" name="Usager@G264-10 2014-11-24 13:08:36" runUser="G264-10\Usager" xmlns="http://microsoft.com/schemas/VisualStudio/TeamTest/2010">
  <TestSettings name="Local" id="2bdc9e53-d10a-47ce-b5c1-e3b18e2ff5c4">
    <Description>Il s'agit des paramètres de test par défaut pour une série de tests locale.</Description>
    <Deployment enabled="false" runDeploymentRoot="Usager_G264-10 2014-11-24 13_08_36">
      <DeploymentItem filename="Z:\a14-photo-fun\packages\Microsoft.AspNet.WebPages.2.0.30506.0\lib\net40\System.Web.Helpers.dll" />
      <DeploymentItem filename="Z:\a14-photo-fun\packages\Microsoft.AspNet.WebPages.2.0.30506.0\lib\net40\System.Web.WebPages.dll" />
      <DeploymentItem filename="Z:\a14-photo-fun\packages\Microsoft.AspNet.WebPages.2.0.30506.0\lib\net40\System.Web.WebPages.Deployment.dll" />
      <DeploymentItem filename="Z:\a14-photo-fun\packages\PagedList.1.17.0.0\lib\net40\PagedList.dll" />
      <DeploymentItem filename="Z:\a14-photo-fun\packages\Microsoft.AspNet.Mvc.4.0.30506.0\lib\net40\System.Web.Mvc.dll" />
      <DeploymentItem filename="Z:\a14-photo-fun\PhotoFun\bin\PhotoFun.dll" />
      <DeploymentItem filename="Z:\a14-photo-fun\packages\Microsoft.Web.Infrastructure.1.0.0.0\lib\net40\Microsoft.Web.Infrastructure.dll" />
      <DeploymentItem filename="Z:\a14-photo-fun\packages\Microsoft.AspNet.WebPages.2.0.30506.0\lib\net40\System.Web.WebPages.Razor.dll" />
      <DeploymentItem filename="Z:\a14-photo-fun\packages\Microsoft.AspNet.Razor.2.0.30506.0\lib\net40\System.Web.Razor.dll" />
      <DeploymentItem filename="Z:\a14-photo-fun\packages\PagedList.Mvc.4.5.0.0\lib\net40\PagedList.Mvc.dll" />
    </Deployment>
    <Execution>
      <TestTypeSpecific />
      <AgentRule name="Execution Agents">
      </AgentRule>
    </Execution>
  </TestSettings>
  <Times creation="2014-11-24T13:08:36.0406054-05:00" queuing="2014-11-24T13:08:36.0836079-05:00" start="2014-11-24T13:08:36.0996088-05:00" finish="2014-11-24T13:08:52.5895519-05:00" />
  <ResultSummary outcome="Failed">
    <Counters total="1" executed="1" error="0" failed="1" timeout="0" aborted="0" inconclusive="0" passedButRunAborted="0" notRunnable="0" notExecuted="0" disconnected="0" warning="0" passed="0" completed="0" inProgress="0" pending="0" />
  </ResultSummary>
  <TestDefinitions>
    <UnitTest name="TestRetourneAuLoginSiUtilNonConnecteEtVeuxImporter" storage="z:\a14-photo-fun\testphotofun\bin\debug\testphotofun.dll" id="b5affc6c-dd10-b9db-040c-b4669be8aaa0">
      <Execution id="9012c8d8-ea95-4ef6-8528-9794f36c9534" />
      <TestMethod codeBase="Z:/a14-photo-fun/TestPhotoFun/bin/Debug/TestPhotoFun.DLL" adapterTypeName="Microsoft.VisualStudio.TestTools.TestTypes.Unit.UnitTestAdapter, Microsoft.VisualStudio.QualityTools.Tips.UnitTest.Adapter, Version=10.0.0.0, Culture=neutral, PublicKeyToken=b03f5f7f11d50a3a" className="TestPhotoFun.TestUnitaire, TestPhotoFun, Version=1.0.0.0, Culture=neutral, PublicKeyToken=null" name="TestRetourneAuLoginSiUtilNonConnecteEtVeuxImporter" />
    </UnitTest>
  </TestDefinitions>
  <TestLists>
    <TestList name="Les résultats ne figurent pas dans une liste" id="8c84fa94-04c1-424b-9868-57a2d4851a1d" />
    <TestList name="Tous les résultats chargés" id="19431567-8539-422a-85d7-44ee4e166bda" />
  </TestLists>
  <TestEntries>
    <TestEntry testId="b5affc6c-dd10-b9db-040c-b4669be8aaa0" executionId="9012c8d8-ea95-4ef6-8528-9794f36c9534" testListId="8c84fa94-04c1-424b-9868-57a2d4851a1d" />
  </TestEntries>
  <Results>
    <UnitTestResult executionId="9012c8d8-ea95-4ef6-8528-9794f36c9534" testId="b5affc6c-dd10-b9db-040c-b4669be8aaa0" testName="TestRetourneAuLoginSiUtilNonConnecteEtVeuxImporter" computerName="G264-10" duration="00:00:16.0631972" startTime="2014-11-24T13:08:36.1476115-05:00" endTime="2014-11-24T13:08:52.5375490-05:00" testType="13cdc9d9-ddb5-4fa4-a97d-d965ccfc6d4b" outcome="Failed" testListId="8c84fa94-04c1-424b-9868-57a2d4851a1d" relativeResultsDirectory="9012c8d8-ea95-4ef6-8528-9794f36c9534">
      <Output>
        <ErrorInfo>
          <Message>Échec de Assert.IsNotNull. jcomprend pas</Message>
          <StackTrace>   à TestPhotoFun.TestUnitaire.TestRetourneAuLoginSiUtilNonConnecteEtVeuxImporter() dans Z:\a14-photo-fun\TestPhotoFun\TestUnitaire.cs:ligne 22
</StackTrace>
        </ErrorInfo>
      </Output>
    </UnitTestResult>
  </Results>
</TestRun>